replay e60fecac20a7: nominal [pd_v2]
replay e60fecac20a7: nominal [computed_torque]
replay e60fecac20a7: posture-small-20261201-00 [pd_v2]
replay e60fecac20a7: posture-small-20261201-00 [computed_torque]
replay e60fecac20a7: posture-small-20261201-01 [pd_v2]
replay e60fecac20a7: posture-small-20261201-01 [computed_torque]
replay e60fecac20a7: posture-small-20261201-02 [pd_v2]
replay e60fecac20a7: posture-small-20261201-02 [computed_torque]
replay e60fecac20a7: posture-small-20261201-03 [pd_v2]
replay e60fecac20a7: posture-small-20261201-03 [computed_torque]
replay e60fecac20a7: posture-small-20261202-00 [pd_v2]
replay e60fecac20a7: posture-small-20261202-00 [computed_torque]
replay e60fecac20a7: posture-small-20261202-01 [pd_v2]
replay e60fecac20a7: posture-small-20261202-01 [computed_torque]
replay e60fecac20a7: posture-small-20261202-02 [pd_v2]
replay e60fecac20a7: posture-small-20261202-02 [computed_torque]
replay e60fecac20a7: posture-small-20261202-03 [pd_v2]
replay e60fecac20a7: posture-small-20261202-03 [computed_torque]
replay e60fecac20a7: posture-small-20261203-00 [pd_v2]
replay e60fecac20a7: posture-small-20261203-00 [computed_torque]
replay e60fecac20a7: posture-small-20261203-01 [pd_v2]
replay e60fecac20a7: posture-small-20261203-01 [computed_torque]
replay e60fecac20a7: posture-small-20261203-02 [pd_v2]
replay e60fecac20a7: posture-small-20261203-02 [computed_torque]
replay e60fecac20a7: posture-small-20261203-03 [pd_v2]
replay e60fecac20a7: posture-small-20261203-03 [computed_torque]
replay e60fecac20a7: posture-small-20261204-00 [pd_v2]
replay e60fecac20a7: posture-small-20261204-00 [computed_torque]
replay e60fecac20a7: posture-small-20261204-01 [pd_v2]
replay e60fecac20a7: posture-small-20261204-01 [computed_torque]
replay e60fecac20a7: posture-small-20261204-02 [pd_v2]
replay e60fecac20a7: posture-small-20261204-02 [computed_torque]
replay e60fecac20a7: posture-small-20261204-03 [pd_v2]
replay e60fecac20a7: posture-small-20261204-03 [computed_torque]
replay e60fecac20a7: posture-small-20261205-00 [pd_v2]
replay e60fecac20a7: posture-small-20261205-00 [computed_torque]
replay e60fecac20a7: posture-small-20261205-01 [pd_v2]
replay e60fecac20a7: posture-small-20261205-01 [computed_torque]
replay e60fecac20a7: posture-small-20261205-02 [pd_v2]
replay e60fecac20a7: posture-small-20261205-02 [computed_torque]
replay e60fecac20a7: posture-small-20261205-03 [pd_v2]
replay e60fecac20a7: posture-small-20261205-03 [computed_torque]
replay e60fecac20a7: posture-large-20261201-00 [pd_v2]
replay e60fecac20a7: posture-large-20261201-00 [computed_torque]
replay e60fecac20a7: posture-large-20261201-01 [pd_v2]
replay e60fecac20a7: posture-large-20261201-01 [computed_torque]
replay e60fecac20a7: posture-large-20261201-02 [pd_v2]
replay e60fecac20a7: posture-large-20261201-02 [computed_torque]
replay e60fecac20a7: posture-large-20261201-03 [pd_v2]
replay e60fecac20a7: posture-large-20261201-03 [computed_torque]
replay e60fecac20a7: posture-large-20261202-00 [pd_v2]
replay e60fecac20a7: posture-large-20261202-00 [computed_torque]
replay e60fecac20a7: posture-large-20261202-01 [pd_v2]
replay e60fecac20a7: posture-large-20261202-01 [computed_torque]
replay e60fecac20a7: posture-large-20261202-02 [pd_v2]
replay e60fecac20a7: posture-large-20261202-02 [computed_torque]
replay e60fecac20a7: posture-large-20261202-03 [pd_v2]
replay e60fecac20a7: posture-large-20261202-03 [computed_torque]
replay e60fecac20a7: posture-large-20261203-00 [pd_v2]
replay e60fecac20a7: posture-large-20261203-00 [computed_torque]
replay e60fecac20a7: posture-large-20261203-01 [pd_v2]
replay e60fecac20a7: posture-large-20261203-01 [computed_torque]
replay e60fecac20a7: posture-large-20261203-02 [pd_v2]
replay e60fecac20a7: posture-large-20261203-02 [computed_torque]
replay e60fecac20a7: posture-large-20261203-03 [pd_v2]
replay e60fecac20a7: posture-large-20261203-03 [computed_torque]
replay e60fecac20a7: posture-large-20261204-00 [pd_v2]
replay e60fecac20a7: posture-large-20261204-00 [computed_torque]
replay e60fecac20a7: posture-large-20261204-01 [pd_v2]
replay e60fecac20a7: posture-large-20261204-01 [computed_torque]
replay e60fecac20a7: posture-large-20261204-02 [pd_v2]
replay e60fecac20a7: posture-large-20261204-02 [computed_torque]
replay e60fecac20a7: posture-large-20261204-03 [pd_v2]
replay e60fecac20a7: posture-large-20261204-03 [computed_torque]
replay e60fecac20a7: posture-large-20261205-00 [pd_v2]
replay e60fecac20a7: posture-large-20261205-00 [computed_torque]
replay e60fecac20a7: posture-large-20261205-01 [pd_v2]
replay e60fecac20a7: posture-large-20261205-01 [computed_torque]
replay e60fecac20a7: posture-large-20261205-02 [pd_v2]
replay e60fecac20a7: posture-large-20261205-02 [computed_torque]
replay e60fecac20a7: posture-large-20261205-03 [pd_v2]
replay e60fecac20a7: posture-large-20261205-03 [computed_torque]
replay e60fecac20a7: force-12N-000deg [pd_v2]
replay e60fecac20a7: force-12N-000deg [computed_torque]
replay e60fecac20a7: force-12N-090deg [pd_v2]
replay e60fecac20a7: force-12N-090deg [computed_torque]
replay e60fecac20a7: force-12N-180deg [pd_v2]
replay e60fecac20a7: force-12N-180deg [computed_torque]
replay e60fecac20a7: force-12N-270deg [pd_v2]
replay e60fecac20a7: force-12N-270deg [computed_torque]
replay e60fecac20a7: combined-20261201-00-000deg [pd_v2]
replay e60fecac20a7: combined-20261201-00-000deg [computed_torque]
replay e60fecac20a7: combined-20261201-01-090deg [pd_v2]
replay e60fecac20a7: combined-20261201-01-090deg [computed_torque]
replay e60fecac20a7: combined-20261201-02-180deg [pd_v2]
replay e60fecac20a7: combined-20261201-02-180deg [computed_torque]
replay e60fecac20a7: combined-20261201-03-270deg [pd_v2]
replay e60fecac20a7: combined-20261201-03-270deg [computed_torque]
replay e60fecac20a7: combined-20261202-00-000deg [pd_v2]
replay e60fecac20a7: combined-20261202-00-000deg [computed_torque]
replay e60fecac20a7: combined-20261202-01-090deg [pd_v2]
replay e60fecac20a7: combined-20261202-01-090deg [computed_torque]
replay e60fecac20a7: combined-20261202-02-180deg [pd_v2]
replay e60fecac20a7: combined-20261202-02-180deg [computed_torque]
replay e60fecac20a7: combined-20261202-03-270deg [pd_v2]
replay e60fecac20a7: combined-20261202-03-270deg [computed_torque]
replay e60fecac20a7: combined-20261203-00-000deg [pd_v2]
replay e60fecac20a7: combined-20261203-00-000deg [computed_torque]
replay e60fecac20a7: combined-20261203-01-090deg [pd_v2]
replay e60fecac20a7: combined-20261203-01-090deg [computed_torque]
replay e60fecac20a7: combined-20261203-02-180deg [pd_v2]
replay e60fecac20a7: combined-20261203-02-180deg [computed_torque]
replay e60fecac20a7: combined-20261203-03-270deg [pd_v2]
replay e60fecac20a7: combined-20261203-03-270deg [computed_torque]
replay e60fecac20a7: combined-20261204-00-000deg [pd_v2]
replay e60fecac20a7: combined-20261204-00-000deg [computed_torque]
replay e60fecac20a7: combined-20261204-01-090deg [pd_v2]
replay e60fecac20a7: combined-20261204-01-090deg [computed_torque]
replay e60fecac20a7: combined-20261204-02-180deg [pd_v2]
replay e60fecac20a7: combined-20261204-02-180deg [computed_torque]
replay e60fecac20a7: combined-20261204-03-270deg [pd_v2]
replay e60fecac20a7: combined-20261204-03-270deg [computed_torque]
replay e60fecac20a7: combined-20261205-00-000deg [pd_v2]
replay e60fecac20a7: combined-20261205-00-000deg [computed_torque]
replay e60fecac20a7: combined-20261205-01-090deg [pd_v2]
replay e60fecac20a7: combined-20261205-01-090deg [computed_torque]
replay e60fecac20a7: combined-20261205-02-180deg [pd_v2]
replay e60fecac20a7: combined-20261205-02-180deg [computed_torque]
replay e60fecac20a7: combined-20261205-03-270deg [pd_v2]
replay e60fecac20a7: combined-20261205-03-270deg [computed_torque]
feasible-best/absolute/S: nominal [pd_v2]
feasible-best/absolute/S: nominal [computed_torque]
feasible-best/absolute/S: posture-small-20261201-00 [pd_v2]
feasible-best/absolute/S: posture-small-20261201-00 [computed_torque]
feasible-best/absolute/S: posture-small-20261201-01 [pd_v2]
feasible-best/absolute/S: posture-small-20261201-01 [computed_torque]
feasible-best/absolute/S: posture-small-20261201-02 [pd_v2]
feasible-best/absolute/S: posture-small-20261201-02 [computed_torque]
feasible-best/absolute/S: posture-small-20261201-03 [pd_v2]
feasible-best/absolute/S: posture-small-20261201-03 [computed_torque]
feasible-best/absolute/S: posture-small-20261202-00 [pd_v2]
feasible-best/absolute/S: posture-small-20261202-00 [computed_torque]
feasible-best/absolute/S: posture-small-20261202-01 [pd_v2]
feasible-best/absolute/S: posture-small-20261202-01 [computed_torque]
feasible-best/absolute/S: posture-small-20261202-02 [pd_v2]
feasible-best/absolute/S: posture-small-20261202-02 [computed_torque]
feasible-best/absolute/S: posture-small-20261202-03 [pd_v2]
feasible-best/absolute/S: posture-small-20261202-03 [computed_torque]
feasible-best/absolute/S: posture-small-20261203-00 [pd_v2]
feasible-best/absolute/S: posture-small-20261203-00 [computed_torque]
feasible-best/absolute/S: posture-small-20261203-01 [pd_v2]
feasible-best/absolute/S: posture-small-20261203-01 [computed_torque]
feasible-best/absolute/S: posture-small-20261203-02 [pd_v2]
feasible-best/absolute/S: posture-small-20261203-02 [computed_torque]
feasible-best/absolute/S: posture-small-20261203-03 [pd_v2]
feasible-best/absolute/S: posture-small-20261203-03 [computed_torque]
feasible-best/absolute/S: posture-small-20261204-00 [pd_v2]
feasible-best/absolute/S: posture-small-20261204-00 [computed_torque]
feasible-best/absolute/S: posture-small-20261204-01 [pd_v2]
feasible-best/absolute/S: posture-small-20261204-01 [computed_torque]
feasible-best/absolute/S: posture-small-20261204-02 [pd_v2]
feasible-best/absolute/S: posture-small-20261204-02 [computed_torque]
feasible-best/absolute/S: posture-small-20261204-03 [pd_v2]
feasible-best/absolute/S: posture-small-20261204-03 [computed_torque]
feasible-best/absolute/S: posture-small-20261205-00 [pd_v2]
feasible-best/absolute/S: posture-small-20261205-00 [computed_torque]
feasible-best/absolute/S: posture-small-20261205-01 [pd_v2]
feasible-best/absolute/S: posture-small-20261205-01 [computed_torque]
feasible-best/absolute/S: posture-small-20261205-02 [pd_v2]
feasible-best/absolute/S: posture-small-20261205-02 [computed_torque]
feasible-best/absolute/S: posture-small-20261205-03 [pd_v2]
feasible-best/absolute/S: posture-small-20261205-03 [computed_torque]
feasible-best/absolute/S: posture-large-20261201-00 [pd_v2]
feasible-best/absolute/S: posture-large-20261201-00 [computed_torque]
feasible-best/absolute/S: posture-large-20261201-01 [pd_v2]
feasible-best/absolute/S: posture-large-20261201-01 [computed_torque]
feasible-best/absolute/S: posture-large-20261201-02 [pd_v2]
feasible-best/absolute/S: posture-large-20261201-02 [computed_torque]
feasible-best/absolute/S: posture-large-20261201-03 [pd_v2]
feasible-best/absolute/S: posture-large-20261201-03 [computed_torque]
feasible-best/absolute/S: posture-large-20261202-00 [pd_v2]
feasible-best/absolute/S: posture-large-20261202-00 [computed_torque]
feasible-best/absolute/S: posture-large-20261202-01 [pd_v2]
feasible-best/absolute/S: posture-large-20261202-01 [computed_torque]
feasible-best/absolute/S: posture-large-20261202-02 [pd_v2]
feasible-best/absolute/S: posture-large-20261202-02 [computed_torque]
feasible-best/absolute/S: posture-large-20261202-03 [pd_v2]
feasible-best/absolute/S: posture-large-20261202-03 [computed_torque]
feasible-best/absolute/S: posture-large-20261203-00 [pd_v2]
feasible-best/absolute/S: posture-large-20261203-00 [computed_torque]
feasible-best/absolute/S: posture-large-20261203-01 [pd_v2]
feasible-best/absolute/S: posture-large-20261203-01 [computed_torque]
feasible-best/absolute/S: posture-large-20261203-02 [pd_v2]
feasible-best/absolute/S: posture-large-20261203-02 [computed_torque]
feasible-best/absolute/S: posture-large-20261203-03 [pd_v2]
feasible-best/absolute/S: posture-large-20261203-03 [computed_torque]
feasible-best/absolute/S: posture-large-20261204-00 [pd_v2]
feasible-best/absolute/S: posture-large-20261204-00 [computed_torque]
feasible-best/absolute/S: posture-large-20261204-01 [pd_v2]
feasible-best/absolute/S: posture-large-20261204-01 [computed_torque]
feasible-best/absolute/S: posture-large-20261204-02 [pd_v2]
feasible-best/absolute/S: posture-large-20261204-02 [computed_torque]
feasible-best/absolute/S: posture-large-20261204-03 [pd_v2]
feasible-best/absolute/S: posture-large-20261204-03 [computed_torque]
feasible-best/absolute/S: posture-large-20261205-00 [pd_v2]
feasible-best/absolute/S: posture-large-20261205-00 [computed_torque]
feasible-best/absolute/S: posture-large-20261205-01 [pd_v2]
feasible-best/absolute/S: posture-large-20261205-01 [computed_torque]
feasible-best/absolute/S: posture-large-20261205-02 [pd_v2]
feasible-best/absolute/S: posture-large-20261205-02 [computed_torque]
feasible-best/absolute/S: posture-large-20261205-03 [pd_v2]
feasible-best/absolute/S: posture-large-20261205-03 [computed_torque]
feasible-best/absolute/S: force-12N-000deg [pd_v2]
feasible-best/absolute/S: force-12N-000deg [computed_torque]
feasible-best/absolute/S: force-12N-090deg [pd_v2]
feasible-best/absolute/S: force-12N-090deg [computed_torque]
feasible-best/absolute/S: force-12N-180deg [pd_v2]
feasible-best/absolute/S: force-12N-180deg [computed_torque]
feasible-best/absolute/S: force-12N-270deg [pd_v2]
feasible-best/absolute/S: force-12N-270deg [computed_torque]
feasible-best/absolute/S: combined-20261201-00-000deg [pd_v2]
feasible-best/absolute/S: combined-20261201-00-000deg [computed_torque]
feasible-best/absolute/S: combined-20261201-01-090deg [pd_v2]
feasible-best/absolute/S: combined-20261201-01-090deg [computed_torque]
feasible-best/absolute/S: combined-20261201-02-180deg [pd_v2]
feasible-best/absolute/S: combined-20261201-02-180deg [computed_torque]
feasible-best/absolute/S: combined-20261201-03-270deg [pd_v2]
feasible-best/absolute/S: combined-20261201-03-270deg [computed_torque]
feasible-best/absolute/S: combined-20261202-00-000deg [pd_v2]
feasible-best/absolute/S: combined-20261202-00-000deg [computed_torque]
feasible-best/absolute/S: combined-20261202-01-090deg [pd_v2]
feasible-best/absolute/S: combined-20261202-01-090deg [computed_torque]
feasible-best/absolute/S: combined-20261202-02-180deg [pd_v2]
feasible-best/absolute/S: combined-20261202-02-180deg [computed_torque]
feasible-best/absolute/S: combined-20261202-03-270deg [pd_v2]
feasible-best/absolute/S: combined-20261202-03-270deg [computed_torque]
feasible-best/absolute/S: combined-20261203-00-000deg [pd_v2]
feasible-best/absolute/S: combined-20261203-00-000deg [computed_torque]
feasible-best/absolute/S: combined-20261203-01-090deg [pd_v2]
feasible-best/absolute/S: combined-20261203-01-090deg [computed_torque]
feasible-best/absolute/S: combined-20261203-02-180deg [pd_v2]
feasible-best/absolute/S: combined-20261203-02-180deg [computed_torque]
feasible-best/absolute/S: combined-20261203-03-270deg [pd_v2]
feasible-best/absolute/S: combined-20261203-03-270deg [computed_torque]
feasible-best/absolute/S: combined-20261204-00-000deg [pd_v2]
feasible-best/absolute/S: combined-20261204-00-000deg [computed_torque]
feasible-best/absolute/S: combined-20261204-01-090deg [pd_v2]
feasible-best/absolute/S: combined-20261204-01-090deg [computed_torque]
feasible-best/absolute/S: combined-20261204-02-180deg [pd_v2]
feasible-best/absolute/S: combined-20261204-02-180deg [computed_torque]
feasible-best/absolute/S: combined-20261204-03-270deg [pd_v2]
feasible-best/absolute/S: combined-20261204-03-270deg [computed_torque]
feasible-best/absolute/S: combined-20261205-00-000deg [pd_v2]
feasible-best/absolute/S: combined-20261205-00-000deg [computed_torque]
feasible-best/absolute/S: combined-20261205-01-090deg [pd_v2]
feasible-best/absolute/S: combined-20261205-01-090deg [computed_torque]
feasible-best/absolute/S: combined-20261205-02-180deg [pd_v2]
feasible-best/absolute/S: combined-20261205-02-180deg [computed_torque]
feasible-best/absolute/S: combined-20261205-03-270deg [pd_v2]
feasible-best/absolute/S: combined-20261205-03-270deg [computed_torque]
feasible-best/absolute/R/K17: nominal [pd_v2]
feasible-best/absolute/R/K17: nominal [computed_torque]
feasible-best/absolute/R/K17: posture-small-20261201-00 [pd_v2]
feasible-best/absolute/R/K17: posture-small-20261201-00 [computed_torque]
feasible-best/absolute/R/K17: posture-small-20261201-01 [pd_v2]
feasible-best/absolute/R/K17: posture-small-20261201-01 [computed_torque]
feasible-best/absolute/R/K17: posture-small-20261201-02 [pd_v2]
feasible-best/absolute/R/K17: posture-small-20261201-02 [computed_torque]
feasible-best/absolute/R/K17: posture-small-20261201-03 [pd_v2]
feasible-best/absolute/R/K17: posture-small-20261201-03 [computed_torque]
feasible-best/absolute/R/K17: posture-small-20261202-00 [pd_v2]
feasible-best/absolute/R/K17: posture-small-20261202-00 [computed_torque]
feasible-best/absolute/R/K17: posture-small-20261202-01 [pd_v2]
feasible-best/absolute/R/K17: posture-small-20261202-01 [computed_torque]
feasible-best/absolute/R/K17: posture-small-20261202-02 [pd_v2]
feasible-best/absolute/R/K17: posture-small-20261202-02 [computed_torque]
feasible-best/absolute/R/K17: posture-small-20261202-03 [pd_v2]
feasible-best/absolute/R/K17: posture-small-20261202-03 [computed_torque]
feasible-best/absolute/R/K17: posture-small-20261203-00 [pd_v2]
feasible-best/absolute/R/K17: posture-small-20261203-00 [computed_torque]
feasible-best/absolute/R/K17: posture-small-20261203-01 [pd_v2]
feasible-best/absolute/R/K17: posture-small-20261203-01 [computed_torque]
feasible-best/absolute/R/K17: posture-small-20261203-02 [pd_v2]
feasible-best/absolute/R/K17: posture-small-20261203-02 [computed_torque]
feasible-best/absolute/R/K17: posture-small-20261203-03 [pd_v2]
feasible-best/absolute/R/K17: posture-small-20261203-03 [computed_torque]
feasible-best/absolute/R/K17: posture-small-20261204-00 [pd_v2]
feasible-best/absolute/R/K17: posture-small-20261204-00 [computed_torque]
feasible-best/absolute/R/K17: posture-small-20261204-01 [pd_v2]
feasible-best/absolute/R/K17: posture-small-20261204-01 [computed_torque]
feasible-best/absolute/R/K17: posture-small-20261204-02 [pd_v2]
feasible-best/absolute/R/K17: posture-small-20261204-02 [computed_torque]
feasible-best/absolute/R/K17: posture-small-20261204-03 [pd_v2]
feasible-best/absolute/R/K17: posture-small-20261204-03 [computed_torque]
feasible-best/absolute/R/K17: posture-small-20261205-00 [pd_v2]
feasible-best/absolute/R/K17: posture-small-20261205-00 [computed_torque]
feasible-best/absolute/R/K17: posture-small-20261205-01 [pd_v2]
feasible-best/absolute/R/K17: posture-small-20261205-01 [computed_torque]
feasible-best/absolute/R/K17: posture-small-20261205-02 [pd_v2]
feasible-best/absolute/R/K17: posture-small-20261205-02 [computed_torque]
feasible-best/absolute/R/K17: posture-small-20261205-03 [pd_v2]
feasible-best/absolute/R/K17: posture-small-20261205-03 [computed_torque]
feasible-best/absolute/R/K17: posture-large-20261201-00 [pd_v2]
feasible-best/absolute/R/K17: posture-large-20261201-00 [computed_torque]
feasible-best/absolute/R/K17: posture-large-20261201-01 [pd_v2]
feasible-best/absolute/R/K17: posture-large-20261201-01 [computed_torque]
feasible-best/absolute/R/K17: posture-large-20261201-02 [pd_v2]
feasible-best/absolute/R/K17: posture-large-20261201-02 [computed_torque]
feasible-best/absolute/R/K17: posture-large-20261201-03 [pd_v2]
feasible-best/absolute/R/K17: posture-large-20261201-03 [computed_torque]
feasible-best/absolute/R/K17: posture-large-20261202-00 [pd_v2]
feasible-best/absolute/R/K17: posture-large-20261202-00 [computed_torque]
feasible-best/absolute/R/K17: posture-large-20261202-01 [pd_v2]
feasible-best/absolute/R/K17: posture-large-20261202-01 [computed_torque]
feasible-best/absolute/R/K17: posture-large-20261202-02 [pd_v2]
feasible-best/absolute/R/K17: posture-large-20261202-02 [computed_torque]
feasible-best/absolute/R/K17: posture-large-20261202-03 [pd_v2]
feasible-best/absolute/R/K17: posture-large-20261202-03 [computed_torque]
feasible-best/absolute/R/K17: posture-large-20261203-00 [pd_v2]
feasible-best/absolute/R/K17: posture-large-20261203-00 [computed_torque]
feasible-best/absolute/R/K17: posture-large-20261203-01 [pd_v2]
feasible-best/absolute/R/K17: posture-large-20261203-01 [computed_torque]
feasible-best/absolute/R/K17: posture-large-20261203-02 [pd_v2]
feasible-best/absolute/R/K17: posture-large-20261203-02 [computed_torque]
feasible-best/absolute/R/K17: posture-large-20261203-03 [pd_v2]
feasible-best/absolute/R/K17: posture-large-20261203-03 [computed_torque]
feasible-best/absolute/R/K17: posture-large-20261204-00 [pd_v2]
feasible-best/absolute/R/K17: posture-large-20261204-00 [computed_torque]
feasible-best/absolute/R/K17: posture-large-20261204-01 [pd_v2]
feasible-best/absolute/R/K17: posture-large-20261204-01 [computed_torque]
feasible-best/absolute/R/K17: posture-large-20261204-02 [pd_v2]
feasible-best/absolute/R/K17: posture-large-20261204-02 [computed_torque]
feasible-best/absolute/R/K17: posture-large-20261204-03 [pd_v2]
feasible-best/absolute/R/K17: posture-large-20261204-03 [computed_torque]
feasible-best/absolute/R/K17: posture-large-20261205-00 [pd_v2]
feasible-best/absolute/R/K17: posture-large-20261205-00 [computed_torque]
feasible-best/absolute/R/K17: posture-large-20261205-01 [pd_v2]
feasible-best/absolute/R/K17: posture-large-20261205-01 [computed_torque]
feasible-best/absolute/R/K17: posture-large-20261205-02 [pd_v2]
feasible-best/absolute/R/K17: posture-large-20261205-02 [computed_torque]
feasible-best/absolute/R/K17: posture-large-20261205-03 [pd_v2]
feasible-best/absolute/R/K17: posture-large-20261205-03 [computed_torque]
feasible-best/absolute/R/K17: force-12N-000deg [pd_v2]
feasible-best/absolute/R/K17: force-12N-000deg [computed_torque]
feasible-best/absolute/R/K17: force-12N-090deg [pd_v2]
feasible-best/absolute/R/K17: force-12N-090deg [computed_torque]
feasible-best/absolute/R/K17: force-12N-180deg [pd_v2]
feasible-best/absolute/R/K17: force-12N-180deg [computed_torque]
feasible-best/absolute/R/K17: force-12N-270deg [pd_v2]
feasible-best/absolute/R/K17: force-12N-270deg [computed_torque]
feasible-best/absolute/R/K17: combined-20261201-00-000deg [pd_v2]
feasible-best/absolute/R/K17: combined-20261201-00-000deg [computed_torque]
feasible-best/absolute/R/K17: combined-20261201-01-090deg [pd_v2]
feasible-best/absolute/R/K17: combined-20261201-01-090deg [computed_torque]
feasible-best/absolute/R/K17: combined-20261201-02-180deg [pd_v2]
feasible-best/absolute/R/K17: combined-20261201-02-180deg [computed_torque]
feasible-best/absolute/R/K17: combined-20261201-03-270deg [pd_v2]
feasible-best/absolute/R/K17: combined-20261201-03-270deg [computed_torque]
feasible-best/absolute/R/K17: combined-20261202-00-000deg [pd_v2]
feasible-best/absolute/R/K17: combined-20261202-00-000deg [computed_torque]
feasible-best/absolute/R/K17: combined-20261202-01-090deg [pd_v2]
feasible-best/absolute/R/K17: combined-20261202-01-090deg [computed_torque]
feasible-best/absolute/R/K17: combined-20261202-02-180deg [pd_v2]
feasible-best/absolute/R/K17: combined-20261202-02-180deg [computed_torque]
feasible-best/absolute/R/K17: combined-20261202-03-270deg [pd_v2]
feasible-best/absolute/R/K17: combined-20261202-03-270deg [computed_torque]
feasible-best/absolute/R/K17: combined-20261203-00-000deg [pd_v2]
feasible-best/absolute/R/K17: combined-20261203-00-000deg [computed_torque]
feasible-best/absolute/R/K17: combined-20261203-01-090deg [pd_v2]
feasible-best/absolute/R/K17: combined-20261203-01-090deg [computed_torque]
feasible-best/absolute/R/K17: combined-20261203-02-180deg [pd_v2]
feasible-best/absolute/R/K17: combined-20261203-02-180deg [computed_torque]
feasible-best/absolute/R/K17: combined-20261203-03-270deg [pd_v2]
feasible-best/absolute/R/K17: combined-20261203-03-270deg [computed_torque]
feasible-best/absolute/R/K17: combined-20261204-00-000deg [pd_v2]
feasible-best/absolute/R/K17: combined-20261204-00-000deg [computed_torque]
feasible-best/absolute/R/K17: combined-20261204-01-090deg [pd_v2]
feasible-best/absolute/R/K17: combined-20261204-01-090deg [computed_torque]
feasible-best/absolute/R/K17: combined-20261204-02-180deg [pd_v2]
feasible-best/absolute/R/K17: combined-20261204-02-180deg [computed_torque]
feasible-best/absolute/R/K17: combined-20261204-03-270deg [pd_v2]
feasible-best/absolute/R/K17: combined-20261204-03-270deg [computed_torque]
feasible-best/absolute/R/K17: combined-20261205-00-000deg [pd_v2]
feasible-best/absolute/R/K17: combined-20261205-00-000deg [computed_torque]
feasible-best/absolute/R/K17: combined-20261205-01-090deg [pd_v2]
feasible-best/absolute/R/K17: combined-20261205-01-090deg [computed_torque]
feasible-best/absolute/R/K17: combined-20261205-02-180deg [pd_v2]
feasible-best/absolute/R/K17: combined-20261205-02-180deg [computed_torque]
feasible-best/absolute/R/K17: combined-20261205-03-270deg [pd_v2]
feasible-best/absolute/R/K17: combined-20261205-03-270deg [computed_torque]
feasible-best/absolute/R-scaled/K17: nominal [pd_v2]
feasible-best/absolute/R-scaled/K17: nominal [computed_torque]
feasible-best/absolute/R-scaled/K17: posture-small-20261201-00 [pd_v2]
feasible-best/absolute/R-scaled/K17: posture-small-20261201-00 [computed_torque]
feasible-best/absolute/R-scaled/K17: posture-small-20261201-01 [pd_v2]
feasible-best/absolute/R-scaled/K17: posture-small-20261201-01 [computed_torque]
feasible-best/absolute/R-scaled/K17: posture-small-20261201-02 [pd_v2]
feasible-best/absolute/R-scaled/K17: posture-small-20261201-02 [computed_torque]
feasible-best/absolute/R-scaled/K17: posture-small-20261201-03 [pd_v2]
feasible-best/absolute/R-scaled/K17: posture-small-20261201-03 [computed_torque]
feasible-best/absolute/R-scaled/K17: posture-small-20261202-00 [pd_v2]
feasible-best/absolute/R-scaled/K17: posture-small-20261202-00 [computed_torque]
feasible-best/absolute/R-scaled/K17: posture-small-20261202-01 [pd_v2]
feasible-best/absolute/R-scaled/K17: posture-small-20261202-01 [computed_torque]
feasible-best/absolute/R-scaled/K17: posture-small-20261202-02 [pd_v2]
feasible-best/absolute/R-scaled/K17: posture-small-20261202-02 [computed_torque]
feasible-best/absolute/R-scaled/K17: posture-small-20261202-03 [pd_v2]
feasible-best/absolute/R-scaled/K17: posture-small-20261202-03 [computed_torque]
feasible-best/absolute/R-scaled/K17: posture-small-20261203-00 [pd_v2]
feasible-best/absolute/R-scaled/K17: posture-small-20261203-00 [computed_torque]
feasible-best/absolute/R-scaled/K17: posture-small-20261203-01 [pd_v2]
feasible-best/absolute/R-scaled/K17: posture-small-20261203-01 [computed_torque]
feasible-best/absolute/R-scaled/K17: posture-small-20261203-02 [pd_v2]
feasible-best/absolute/R-scaled/K17: posture-small-20261203-02 [computed_torque]
feasible-best/absolute/R-scaled/K17: posture-small-20261203-03 [pd_v2]
feasible-best/absolute/R-scaled/K17: posture-small-20261203-03 [computed_torque]
feasible-best/absolute/R-scaled/K17: posture-small-20261204-00 [pd_v2]
feasible-best/absolute/R-scaled/K17: posture-small-20261204-00 [computed_torque]
feasible-best/absolute/R-scaled/K17: posture-small-20261204-01 [pd_v2]
feasible-best/absolute/R-scaled/K17: posture-small-20261204-01 [computed_torque]
feasible-best/absolute/R-scaled/K17: posture-small-20261204-02 [pd_v2]
feasible-best/absolute/R-scaled/K17: posture-small-20261204-02 [computed_torque]
feasible-best/absolute/R-scaled/K17: posture-small-20261204-03 [pd_v2]
feasible-best/absolute/R-scaled/K17: posture-small-20261204-03 [computed_torque]
feasible-best/absolute/R-scaled/K17: posture-small-20261205-00 [pd_v2]
feasible-best/absolute/R-scaled/K17: posture-small-20261205-00 [computed_torque]
feasible-best/absolute/R-scaled/K17: posture-small-20261205-01 [pd_v2]
feasible-best/absolute/R-scaled/K17: posture-small-20261205-01 [computed_torque]
feasible-best/absolute/R-scaled/K17: posture-small-20261205-02 [pd_v2]
feasible-best/absolute/R-scaled/K17: posture-small-20261205-02 [computed_torque]
feasible-best/absolute/R-scaled/K17: posture-small-20261205-03 [pd_v2]
feasible-best/absolute/R-scaled/K17: posture-small-20261205-03 [computed_torque]
feasible-best/absolute/R-scaled/K17: posture-large-20261201-00 [pd_v2]
feasible-best/absolute/R-scaled/K17: posture-large-20261201-00 [computed_torque]
feasible-best/absolute/R-scaled/K17: posture-large-20261201-01 [pd_v2]
feasible-best/absolute/R-scaled/K17: posture-large-20261201-01 [computed_torque]
feasible-best/absolute/R-scaled/K17: posture-large-20261201-02 [pd_v2]
feasible-best/absolute/R-scaled/K17: posture-large-20261201-02 [computed_torque]
feasible-best/absolute/R-scaled/K17: posture-large-20261201-03 [pd_v2]
feasible-best/absolute/R-scaled/K17: posture-large-20261201-03 [computed_torque]
feasible-best/absolute/R-scaled/K17: posture-large-20261202-00 [pd_v2]
feasible-best/absolute/R-scaled/K17: posture-large-20261202-00 [computed_torque]
feasible-best/absolute/R-scaled/K17: posture-large-20261202-01 [pd_v2]
feasible-best/absolute/R-scaled/K17: posture-large-20261202-01 [computed_torque]
feasible-best/absolute/R-scaled/K17: posture-large-20261202-02 [pd_v2]
feasible-best/absolute/R-scaled/K17: posture-large-20261202-02 [computed_torque]
feasible-best/absolute/R-scaled/K17: posture-large-20261202-03 [pd_v2]
feasible-best/absolute/R-scaled/K17: posture-large-20261202-03 [computed_torque]
feasible-best/absolute/R-scaled/K17: posture-large-20261203-00 [pd_v2]
feasible-best/absolute/R-scaled/K17: posture-large-20261203-00 [computed_torque]
feasible-best/absolute/R-scaled/K17: posture-large-20261203-01 [pd_v2]
feasible-best/absolute/R-scaled/K17: posture-large-20261203-01 [computed_torque]
feasible-best/absolute/R-scaled/K17: posture-large-20261203-02 [pd_v2]
feasible-best/absolute/R-scaled/K17: posture-large-20261203-02 [computed_torque]
feasible-best/absolute/R-scaled/K17: posture-large-20261203-03 [pd_v2]
feasible-best/absolute/R-scaled/K17: posture-large-20261203-03 [computed_torque]
feasible-best/absolute/R-scaled/K17: posture-large-20261204-00 [pd_v2]
feasible-best/absolute/R-scaled/K17: posture-large-20261204-00 [computed_torque]
feasible-best/absolute/R-scaled/K17: posture-large-20261204-01 [pd_v2]
feasible-best/absolute/R-scaled/K17: posture-large-20261204-01 [computed_torque]
feasible-best/absolute/R-scaled/K17: posture-large-20261204-02 [pd_v2]
feasible-best/absolute/R-scaled/K17: posture-large-20261204-02 [computed_torque]
feasible-best/absolute/R-scaled/K17: posture-large-20261204-03 [pd_v2]
feasible-best/absolute/R-scaled/K17: posture-large-20261204-03 [computed_torque]
feasible-best/absolute/R-scaled/K17: posture-large-20261205-00 [pd_v2]
feasible-best/absolute/R-scaled/K17: posture-large-20261205-00 [computed_torque]
feasible-best/absolute/R-scaled/K17: posture-large-20261205-01 [pd_v2]
feasible-best/absolute/R-scaled/K17: posture-large-20261205-01 [computed_torque]
feasible-best/absolute/R-scaled/K17: posture-large-20261205-02 [pd_v2]
feasible-best/absolute/R-scaled/K17: posture-large-20261205-02 [computed_torque]
feasible-best/absolute/R-scaled/K17: posture-large-20261205-03 [pd_v2]
feasible-best/absolute/R-scaled/K17: posture-large-20261205-03 [computed_torque]
feasible-best/absolute/R-scaled/K17: force-12N-000deg [pd_v2]
feasible-best/absolute/R-scaled/K17: force-12N-000deg [computed_torque]
feasible-best/absolute/R-scaled/K17: force-12N-090deg [pd_v2]
feasible-best/absolute/R-scaled/K17: force-12N-090deg [computed_torque]
feasible-best/absolute/R-scaled/K17: force-12N-180deg [pd_v2]
feasible-best/absolute/R-scaled/K17: force-12N-180deg [computed_torque]
feasible-best/absolute/R-scaled/K17: force-12N-270deg [pd_v2]
feasible-best/absolute/R-scaled/K17: force-12N-270deg [computed_torque]
feasible-best/absolute/R-scaled/K17: combined-20261201-00-000deg [pd_v2]
feasible-best/absolute/R-scaled/K17: combined-20261201-00-000deg [computed_torque]
feasible-best/absolute/R-scaled/K17: combined-20261201-01-090deg [pd_v2]
feasible-best/absolute/R-scaled/K17: combined-20261201-01-090deg [computed_torque]
feasible-best/absolute/R-scaled/K17: combined-20261201-02-180deg [pd_v2]
feasible-best/absolute/R-scaled/K17: combined-20261201-02-180deg [computed_torque]
feasible-best/absolute/R-scaled/K17: combined-20261201-03-270deg [pd_v2]
feasible-best/absolute/R-scaled/K17: combined-20261201-03-270deg [computed_torque]
feasible-best/absolute/R-scaled/K17: combined-20261202-00-000deg [pd_v2]
feasible-best/absolute/R-scaled/K17: combined-20261202-00-000deg [computed_torque]
feasible-best/absolute/R-scaled/K17: combined-20261202-01-090deg [pd_v2]
feasible-best/absolute/R-scaled/K17: combined-20261202-01-090deg [computed_torque]
feasible-best/absolute/R-scaled/K17: combined-20261202-02-180deg [pd_v2]
feasible-best/absolute/R-scaled/K17: combined-20261202-02-180deg [computed_torque]
feasible-best/absolute/R-scaled/K17: combined-20261202-03-270deg [pd_v2]
feasible-best/absolute/R-scaled/K17: combined-20261202-03-270deg [computed_torque]
feasible-best/absolute/R-scaled/K17: combined-20261203-00-000deg [pd_v2]
feasible-best/absolute/R-scaled/K17: combined-20261203-00-000deg [computed_torque]
feasible-best/absolute/R-scaled/K17: combined-20261203-01-090deg [pd_v2]
feasible-best/absolute/R-scaled/K17: combined-20261203-01-090deg [computed_torque]
feasible-best/absolute/R-scaled/K17: combined-20261203-02-180deg [pd_v2]
feasible-best/absolute/R-scaled/K17: combined-20261203-02-180deg [computed_torque]
feasible-best/absolute/R-scaled/K17: combined-20261203-03-270deg [pd_v2]
feasible-best/absolute/R-scaled/K17: combined-20261203-03-270deg [computed_torque]
feasible-best/absolute/R-scaled/K17: combined-20261204-00-000deg [pd_v2]
feasible-best/absolute/R-scaled/K17: combined-20261204-00-000deg [computed_torque]
feasible-best/absolute/R-scaled/K17: combined-20261204-01-090deg [pd_v2]
feasible-best/absolute/R-scaled/K17: combined-20261204-01-090deg [computed_torque]
feasible-best/absolute/R-scaled/K17: combined-20261204-02-180deg [pd_v2]
feasible-best/absolute/R-scaled/K17: combined-20261204-02-180deg [computed_torque]
feasible-best/absolute/R-scaled/K17: combined-20261204-03-270deg [pd_v2]
feasible-best/absolute/R-scaled/K17: combined-20261204-03-270deg [computed_torque]
feasible-best/absolute/R-scaled/K17: combined-20261205-00-000deg [pd_v2]
feasible-best/absolute/R-scaled/K17: combined-20261205-00-000deg [computed_torque]
feasible-best/absolute/R-scaled/K17: combined-20261205-01-090deg [pd_v2]
feasible-best/absolute/R-scaled/K17: combined-20261205-01-090deg [computed_torque]
feasible-best/absolute/R-scaled/K17: combined-20261205-02-180deg [pd_v2]
feasible-best/absolute/R-scaled/K17: combined-20261205-02-180deg [computed_torque]
feasible-best/absolute/R-scaled/K17: combined-20261205-03-270deg [pd_v2]
feasible-best/absolute/R-scaled/K17: combined-20261205-03-270deg [computed_torque]
feasible-best/absolute/A-non-decaying/K17: nominal [pd_v2]
feasible-best/absolute/A-contractive/K17: nominal [pd_v2]
feasible-best/absolute/R/K33: nominal [pd_v2]
feasible-best/absolute/R/K33: nominal [computed_torque]
feasible-best/absolute/R/K33: posture-small-20261201-00 [pd_v2]
feasible-best/absolute/R/K33: posture-small-20261201-00 [computed_torque]
feasible-best/absolute/R/K33: posture-small-20261201-01 [pd_v2]
feasible-best/absolute/R/K33: posture-small-20261201-01 [computed_torque]
feasible-best/absolute/R/K33: posture-small-20261201-02 [pd_v2]
feasible-best/absolute/R/K33: posture-small-20261201-02 [computed_torque]
feasible-best/absolute/R/K33: posture-small-20261201-03 [pd_v2]
feasible-best/absolute/R/K33: posture-small-20261201-03 [computed_torque]
feasible-best/absolute/R/K33: posture-small-20261202-00 [pd_v2]
feasible-best/absolute/R/K33: posture-small-20261202-00 [computed_torque]
feasible-best/absolute/R/K33: posture-small-20261202-01 [pd_v2]
feasible-best/absolute/R/K33: posture-small-20261202-01 [computed_torque]
feasible-best/absolute/R/K33: posture-small-20261202-02 [pd_v2]
feasible-best/absolute/R/K33: posture-small-20261202-02 [computed_torque]
feasible-best/absolute/R/K33: posture-small-20261202-03 [pd_v2]
feasible-best/absolute/R/K33: posture-small-20261202-03 [computed_torque]
feasible-best/absolute/R/K33: posture-small-20261203-00 [pd_v2]
feasible-best/absolute/R/K33: posture-small-20261203-00 [computed_torque]
feasible-best/absolute/R/K33: posture-small-20261203-01 [pd_v2]
feasible-best/absolute/R/K33: posture-small-20261203-01 [computed_torque]
feasible-best/absolute/R/K33: posture-small-20261203-02 [pd_v2]
feasible-best/absolute/R/K33: posture-small-20261203-02 [computed_torque]
feasible-best/absolute/R/K33: posture-small-20261203-03 [pd_v2]
feasible-best/absolute/R/K33: posture-small-20261203-03 [computed_torque]
feasible-best/absolute/R/K33: posture-small-20261204-00 [pd_v2]
feasible-best/absolute/R/K33: posture-small-20261204-00 [computed_torque]
feasible-best/absolute/R/K33: posture-small-20261204-01 [pd_v2]
feasible-best/absolute/R/K33: posture-small-20261204-01 [computed_torque]
feasible-best/absolute/R/K33: posture-small-20261204-02 [pd_v2]
feasible-best/absolute/R/K33: posture-small-20261204-02 [computed_torque]
feasible-best/absolute/R/K33: posture-small-20261204-03 [pd_v2]
feasible-best/absolute/R/K33: posture-small-20261204-03 [computed_torque]
feasible-best/absolute/R/K33: posture-small-20261205-00 [pd_v2]
feasible-best/absolute/R/K33: posture-small-20261205-00 [computed_torque]
feasible-best/absolute/R/K33: posture-small-20261205-01 [pd_v2]
feasible-best/absolute/R/K33: posture-small-20261205-01 [computed_torque]
feasible-best/absolute/R/K33: posture-small-20261205-02 [pd_v2]
feasible-best/absolute/R/K33: posture-small-20261205-02 [computed_torque]
feasible-best/absolute/R/K33: posture-small-20261205-03 [pd_v2]
feasible-best/absolute/R/K33: posture-small-20261205-03 [computed_torque]
feasible-best/absolute/R/K33: posture-large-20261201-00 [pd_v2]
feasible-best/absolute/R/K33: posture-large-20261201-00 [computed_torque]
feasible-best/absolute/R/K33: posture-large-20261201-01 [pd_v2]
feasible-best/absolute/R/K33: posture-large-20261201-01 [computed_torque]
feasible-best/absolute/R/K33: posture-large-20261201-02 [pd_v2]
feasible-best/absolute/R/K33: posture-large-20261201-02 [computed_torque]
feasible-best/absolute/R/K33: posture-large-20261201-03 [pd_v2]
feasible-best/absolute/R/K33: posture-large-20261201-03 [computed_torque]
feasible-best/absolute/R/K33: posture-large-20261202-00 [pd_v2]
feasible-best/absolute/R/K33: posture-large-20261202-00 [computed_torque]
feasible-best/absolute/R/K33: posture-large-20261202-01 [pd_v2]
feasible-best/absolute/R/K33: posture-large-20261202-01 [computed_torque]
feasible-best/absolute/R/K33: posture-large-20261202-02 [pd_v2]
feasible-best/absolute/R/K33: posture-large-20261202-02 [computed_torque]
feasible-best/absolute/R/K33: posture-large-20261202-03 [pd_v2]
feasible-best/absolute/R/K33: posture-large-20261202-03 [computed_torque]
feasible-best/absolute/R/K33: posture-large-20261203-00 [pd_v2]
feasible-best/absolute/R/K33: posture-large-20261203-00 [computed_torque]
feasible-best/absolute/R/K33: posture-large-20261203-01 [pd_v2]
feasible-best/absolute/R/K33: posture-large-20261203-01 [computed_torque]
feasible-best/absolute/R/K33: posture-large-20261203-02 [pd_v2]
feasible-best/absolute/R/K33: posture-large-20261203-02 [computed_torque]
feasible-best/absolute/R/K33: posture-large-20261203-03 [pd_v2]
feasible-best/absolute/R/K33: posture-large-20261203-03 [computed_torque]
feasible-best/absolute/R/K33: posture-large-20261204-00 [pd_v2]
feasible-best/absolute/R/K33: posture-large-20261204-00 [computed_torque]
feasible-best/absolute/R/K33: posture-large-20261204-01 [pd_v2]
feasible-best/absolute/R/K33: posture-large-20261204-01 [computed_torque]
feasible-best/absolute/R/K33: posture-large-20261204-02 [pd_v2]
feasible-best/absolute/R/K33: posture-large-20261204-02 [computed_torque]
feasible-best/absolute/R/K33: posture-large-20261204-03 [pd_v2]
feasible-best/absolute/R/K33: posture-large-20261204-03 [computed_torque]
feasible-best/absolute/R/K33: posture-large-20261205-00 [pd_v2]
feasible-best/absolute/R/K33: posture-large-20261205-00 [computed_torque]
feasible-best/absolute/R/K33: posture-large-20261205-01 [pd_v2]
feasible-best/absolute/R/K33: posture-large-20261205-01 [computed_torque]
feasible-best/absolute/R/K33: posture-large-20261205-02 [pd_v2]
feasible-best/absolute/R/K33: posture-large-20261205-02 [computed_torque]
feasible-best/absolute/R/K33: posture-large-20261205-03 [pd_v2]
feasible-best/absolute/R/K33: posture-large-20261205-03 [computed_torque]
feasible-best/absolute/R/K33: force-12N-000deg [pd_v2]
feasible-best/absolute/R/K33: force-12N-000deg [computed_torque]
feasible-best/absolute/R/K33: force-12N-090deg [pd_v2]
feasible-best/absolute/R/K33: force-12N-090deg [computed_torque]
feasible-best/absolute/R/K33: force-12N-180deg [pd_v2]
feasible-best/absolute/R/K33: force-12N-180deg [computed_torque]
feasible-best/absolute/R/K33: force-12N-270deg [pd_v2]
feasible-best/absolute/R/K33: force-12N-270deg [computed_torque]
feasible-best/absolute/R/K33: combined-20261201-00-000deg [pd_v2]
feasible-best/absolute/R/K33: combined-20261201-00-000deg [computed_torque]
feasible-best/absolute/R/K33: combined-20261201-01-090deg [pd_v2]
feasible-best/absolute/R/K33: combined-20261201-01-090deg [computed_torque]
feasible-best/absolute/R/K33: combined-20261201-02-180deg [pd_v2]
feasible-best/absolute/R/K33: combined-20261201-02-180deg [computed_torque]
feasible-best/absolute/R/K33: combined-20261201-03-270deg [pd_v2]
feasible-best/absolute/R/K33: combined-20261201-03-270deg [computed_torque]
feasible-best/absolute/R/K33: combined-20261202-00-000deg [pd_v2]
feasible-best/absolute/R/K33: combined-20261202-00-000deg [computed_torque]
feasible-best/absolute/R/K33: combined-20261202-01-090deg [pd_v2]
feasible-best/absolute/R/K33: combined-20261202-01-090deg [computed_torque]
feasible-best/absolute/R/K33: combined-20261202-02-180deg [pd_v2]
feasible-best/absolute/R/K33: combined-20261202-02-180deg [computed_torque]
feasible-best/absolute/R/K33: combined-20261202-03-270deg [pd_v2]
feasible-best/absolute/R/K33: combined-20261202-03-270deg [computed_torque]
feasible-best/absolute/R/K33: combined-20261203-00-000deg [pd_v2]
feasible-best/absolute/R/K33: combined-20261203-00-000deg [computed_torque]
feasible-best/absolute/R/K33: combined-20261203-01-090deg [pd_v2]
feasible-best/absolute/R/K33: combined-20261203-01-090deg [computed_torque]
feasible-best/absolute/R/K33: combined-20261203-02-180deg [pd_v2]
feasible-best/absolute/R/K33: combined-20261203-02-180deg [computed_torque]
feasible-best/absolute/R/K33: combined-20261203-03-270deg [pd_v2]
feasible-best/absolute/R/K33: combined-20261203-03-270deg [computed_torque]
feasible-best/absolute/R/K33: combined-20261204-00-000deg [pd_v2]
feasible-best/absolute/R/K33: combined-20261204-00-000deg [computed_torque]
feasible-best/absolute/R/K33: combined-20261204-01-090deg [pd_v2]
feasible-best/absolute/R/K33: combined-20261204-01-090deg [computed_torque]
feasible-best/absolute/R/K33: combined-20261204-02-180deg [pd_v2]
feasible-best/absolute/R/K33: combined-20261204-02-180deg [computed_torque]
feasible-best/absolute/R/K33: combined-20261204-03-270deg [pd_v2]
feasible-best/absolute/R/K33: combined-20261204-03-270deg [computed_torque]
feasible-best/absolute/R/K33: combined-20261205-00-000deg [pd_v2]
feasible-best/absolute/R/K33: combined-20261205-00-000deg [computed_torque]
feasible-best/absolute/R/K33: combined-20261205-01-090deg [pd_v2]
feasible-best/absolute/R/K33: combined-20261205-01-090deg [computed_torque]
feasible-best/absolute/R/K33: combined-20261205-02-180deg [pd_v2]
feasible-best/absolute/R/K33: combined-20261205-02-180deg [computed_torque]
feasible-best/absolute/R/K33: combined-20261205-03-270deg [pd_v2]
feasible-best/absolute/R/K33: combined-20261205-03-270deg [computed_torque]
feasible-best/absolute/R-scaled/K33: nominal [pd_v2]
feasible-best/absolute/R-scaled/K33: nominal [computed_torque]
feasible-best/absolute/R-scaled/K33: posture-small-20261201-00 [pd_v2]
feasible-best/absolute/R-scaled/K33: posture-small-20261201-00 [computed_torque]
feasible-best/absolute/R-scaled/K33: posture-small-20261201-01 [pd_v2]
feasible-best/absolute/R-scaled/K33: posture-small-20261201-01 [computed_torque]
feasible-best/absolute/R-scaled/K33: posture-small-20261201-02 [pd_v2]
feasible-best/absolute/R-scaled/K33: posture-small-20261201-02 [computed_torque]
feasible-best/absolute/R-scaled/K33: posture-small-20261201-03 [pd_v2]
feasible-best/absolute/R-scaled/K33: posture-small-20261201-03 [computed_torque]
feasible-best/absolute/R-scaled/K33: posture-small-20261202-00 [pd_v2]
feasible-best/absolute/R-scaled/K33: posture-small-20261202-00 [computed_torque]
feasible-best/absolute/R-scaled/K33: posture-small-20261202-01 [pd_v2]
feasible-best/absolute/R-scaled/K33: posture-small-20261202-01 [computed_torque]
feasible-best/absolute/R-scaled/K33: posture-small-20261202-02 [pd_v2]
feasible-best/absolute/R-scaled/K33: posture-small-20261202-02 [computed_torque]
feasible-best/absolute/R-scaled/K33: posture-small-20261202-03 [pd_v2]
feasible-best/absolute/R-scaled/K33: posture-small-20261202-03 [computed_torque]
feasible-best/absolute/R-scaled/K33: posture-small-20261203-00 [pd_v2]
feasible-best/absolute/R-scaled/K33: posture-small-20261203-00 [computed_torque]
feasible-best/absolute/R-scaled/K33: posture-small-20261203-01 [pd_v2]
feasible-best/absolute/R-scaled/K33: posture-small-20261203-01 [computed_torque]
feasible-best/absolute/R-scaled/K33: posture-small-20261203-02 [pd_v2]
feasible-best/absolute/R-scaled/K33: posture-small-20261203-02 [computed_torque]
feasible-best/absolute/R-scaled/K33: posture-small-20261203-03 [pd_v2]
feasible-best/absolute/R-scaled/K33: posture-small-20261203-03 [computed_torque]
feasible-best/absolute/R-scaled/K33: posture-small-20261204-00 [pd_v2]
feasible-best/absolute/R-scaled/K33: posture-small-20261204-00 [computed_torque]
feasible-best/absolute/R-scaled/K33: posture-small-20261204-01 [pd_v2]
feasible-best/absolute/R-scaled/K33: posture-small-20261204-01 [computed_torque]
feasible-best/absolute/R-scaled/K33: posture-small-20261204-02 [pd_v2]
feasible-best/absolute/R-scaled/K33: posture-small-20261204-02 [computed_torque]
feasible-best/absolute/R-scaled/K33: posture-small-20261204-03 [pd_v2]
feasible-best/absolute/R-scaled/K33: posture-small-20261204-03 [computed_torque]
feasible-best/absolute/R-scaled/K33: posture-small-20261205-00 [pd_v2]
feasible-best/absolute/R-scaled/K33: posture-small-20261205-00 [computed_torque]
feasible-best/absolute/R-scaled/K33: posture-small-20261205-01 [pd_v2]
feasible-best/absolute/R-scaled/K33: posture-small-20261205-01 [computed_torque]
feasible-best/absolute/R-scaled/K33: posture-small-20261205-02 [pd_v2]
feasible-best/absolute/R-scaled/K33: posture-small-20261205-02 [computed_torque]
feasible-best/absolute/R-scaled/K33: posture-small-20261205-03 [pd_v2]
feasible-best/absolute/R-scaled/K33: posture-small-20261205-03 [computed_torque]
feasible-best/absolute/R-scaled/K33: posture-large-20261201-00 [pd_v2]
feasible-best/absolute/R-scaled/K33: posture-large-20261201-00 [computed_torque]
feasible-best/absolute/R-scaled/K33: posture-large-20261201-01 [pd_v2]
feasible-best/absolute/R-scaled/K33: posture-large-20261201-01 [computed_torque]
feasible-best/absolute/R-scaled/K33: posture-large-20261201-02 [pd_v2]
feasible-best/absolute/R-scaled/K33: posture-large-20261201-02 [computed_torque]
feasible-best/absolute/R-scaled/K33: posture-large-20261201-03 [pd_v2]
feasible-best/absolute/R-scaled/K33: posture-large-20261201-03 [computed_torque]
feasible-best/absolute/R-scaled/K33: posture-large-20261202-00 [pd_v2]
feasible-best/absolute/R-scaled/K33: posture-large-20261202-00 [computed_torque]
feasible-best/absolute/R-scaled/K33: posture-large-20261202-01 [pd_v2]
feasible-best/absolute/R-scaled/K33: posture-large-20261202-01 [computed_torque]
feasible-best/absolute/R-scaled/K33: posture-large-20261202-02 [pd_v2]
feasible-best/absolute/R-scaled/K33: posture-large-20261202-02 [computed_torque]
feasible-best/absolute/R-scaled/K33: posture-large-20261202-03 [pd_v2]
feasible-best/absolute/R-scaled/K33: posture-large-20261202-03 [computed_torque]
feasible-best/absolute/R-scaled/K33: posture-large-20261203-00 [pd_v2]
feasible-best/absolute/R-scaled/K33: posture-large-20261203-00 [computed_torque]
feasible-best/absolute/R-scaled/K33: posture-large-20261203-01 [pd_v2]
feasible-best/absolute/R-scaled/K33: posture-large-20261203-01 [computed_torque]
feasible-best/absolute/R-scaled/K33: posture-large-20261203-02 [pd_v2]
feasible-best/absolute/R-scaled/K33: posture-large-20261203-02 [computed_torque]
feasible-best/absolute/R-scaled/K33: posture-large-20261203-03 [pd_v2]
feasible-best/absolute/R-scaled/K33: posture-large-20261203-03 [computed_torque]
feasible-best/absolute/R-scaled/K33: posture-large-20261204-00 [pd_v2]
feasible-best/absolute/R-scaled/K33: posture-large-20261204-00 [computed_torque]
feasible-best/absolute/R-scaled/K33: posture-large-20261204-01 [pd_v2]
feasible-best/absolute/R-scaled/K33: posture-large-20261204-01 [computed_torque]
feasible-best/absolute/R-scaled/K33: posture-large-20261204-02 [pd_v2]
feasible-best/absolute/R-scaled/K33: posture-large-20261204-02 [computed_torque]
feasible-best/absolute/R-scaled/K33: posture-large-20261204-03 [pd_v2]
feasible-best/absolute/R-scaled/K33: posture-large-20261204-03 [computed_torque]
feasible-best/absolute/R-scaled/K33: posture-large-20261205-00 [pd_v2]
feasible-best/absolute/R-scaled/K33: posture-large-20261205-00 [computed_torque]
feasible-best/absolute/R-scaled/K33: posture-large-20261205-01 [pd_v2]
feasible-best/absolute/R-scaled/K33: posture-large-20261205-01 [computed_torque]
feasible-best/absolute/R-scaled/K33: posture-large-20261205-02 [pd_v2]
feasible-best/absolute/R-scaled/K33: posture-large-20261205-02 [computed_torque]
feasible-best/absolute/R-scaled/K33: posture-large-20261205-03 [pd_v2]
feasible-best/absolute/R-scaled/K33: posture-large-20261205-03 [computed_torque]
feasible-best/absolute/R-scaled/K33: force-12N-000deg [pd_v2]
feasible-best/absolute/R-scaled/K33: force-12N-000deg [computed_torque]
feasible-best/absolute/R-scaled/K33: force-12N-090deg [pd_v2]
feasible-best/absolute/R-scaled/K33: force-12N-090deg [computed_torque]
feasible-best/absolute/R-scaled/K33: force-12N-180deg [pd_v2]
feasible-best/absolute/R-scaled/K33: force-12N-180deg [computed_torque]
feasible-best/absolute/R-scaled/K33: force-12N-270deg [pd_v2]
feasible-best/absolute/R-scaled/K33: force-12N-270deg [computed_torque]
feasible-best/absolute/R-scaled/K33: combined-20261201-00-000deg [pd_v2]
feasible-best/absolute/R-scaled/K33: combined-20261201-00-000deg [computed_torque]
feasible-best/absolute/R-scaled/K33: combined-20261201-01-090deg [pd_v2]
feasible-best/absolute/R-scaled/K33: combined-20261201-01-090deg [computed_torque]
feasible-best/absolute/R-scaled/K33: combined-20261201-02-180deg [pd_v2]
feasible-best/absolute/R-scaled/K33: combined-20261201-02-180deg [computed_torque]
feasible-best/absolute/R-scaled/K33: combined-20261201-03-270deg [pd_v2]
feasible-best/absolute/R-scaled/K33: combined-20261201-03-270deg [computed_torque]
feasible-best/absolute/R-scaled/K33: combined-20261202-00-000deg [pd_v2]
feasible-best/absolute/R-scaled/K33: combined-20261202-00-000deg [computed_torque]
feasible-best/absolute/R-scaled/K33: combined-20261202-01-090deg [pd_v2]
feasible-best/absolute/R-scaled/K33: combined-20261202-01-090deg [computed_torque]
feasible-best/absolute/R-scaled/K33: combined-20261202-02-180deg [pd_v2]
feasible-best/absolute/R-scaled/K33: combined-20261202-02-180deg [computed_torque]
feasible-best/absolute/R-scaled/K33: combined-20261202-03-270deg [pd_v2]
feasible-best/absolute/R-scaled/K33: combined-20261202-03-270deg [computed_torque]
feasible-best/absolute/R-scaled/K33: combined-20261203-00-000deg [pd_v2]
feasible-best/absolute/R-scaled/K33: combined-20261203-00-000deg [computed_torque]
feasible-best/absolute/R-scaled/K33: combined-20261203-01-090deg [pd_v2]
feasible-best/absolute/R-scaled/K33: combined-20261203-01-090deg [computed_torque]
feasible-best/absolute/R-scaled/K33: combined-20261203-02-180deg [pd_v2]
feasible-best/absolute/R-scaled/K33: combined-20261203-02-180deg [computed_torque]
feasible-best/absolute/R-scaled/K33: combined-20261203-03-270deg [pd_v2]
feasible-best/absolute/R-scaled/K33: combined-20261203-03-270deg [computed_torque]
feasible-best/absolute/R-scaled/K33: combined-20261204-00-000deg [pd_v2]
feasible-best/absolute/R-scaled/K33: combined-20261204-00-000deg [computed_torque]
feasible-best/absolute/R-scaled/K33: combined-20261204-01-090deg [pd_v2]
feasible-best/absolute/R-scaled/K33: combined-20261204-01-090deg [computed_torque]
feasible-best/absolute/R-scaled/K33: combined-20261204-02-180deg [pd_v2]
feasible-best/absolute/R-scaled/K33: combined-20261204-02-180deg [computed_torque]
feasible-best/absolute/R-scaled/K33: combined-20261204-03-270deg [pd_v2]
feasible-best/absolute/R-scaled/K33: combined-20261204-03-270deg [computed_torque]
feasible-best/absolute/R-scaled/K33: combined-20261205-00-000deg [pd_v2]
feasible-best/absolute/R-scaled/K33: combined-20261205-00-000deg [computed_torque]
feasible-best/absolute/R-scaled/K33: combined-20261205-01-090deg [pd_v2]
feasible-best/absolute/R-scaled/K33: combined-20261205-01-090deg [computed_torque]
feasible-best/absolute/R-scaled/K33: combined-20261205-02-180deg [pd_v2]
feasible-best/absolute/R-scaled/K33: combined-20261205-02-180deg [computed_torque]
feasible-best/absolute/R-scaled/K33: combined-20261205-03-270deg [pd_v2]
feasible-best/absolute/R-scaled/K33: combined-20261205-03-270deg [computed_torque]
feasible-best/absolute/A-non-decaying/K33: nominal [pd_v2]
feasible-best/absolute/A-contractive/K33: nominal [pd_v2]
feasible-best/absolute/R/K65: nominal [pd_v2]
feasible-best/absolute/R/K65: nominal [computed_torque]
feasible-best/absolute/R/K65: posture-small-20261201-00 [pd_v2]
feasible-best/absolute/R/K65: posture-small-20261201-00 [computed_torque]
feasible-best/absolute/R/K65: posture-small-20261201-01 [pd_v2]
feasible-best/absolute/R/K65: posture-small-20261201-01 [computed_torque]
feasible-best/absolute/R/K65: posture-small-20261201-02 [pd_v2]
feasible-best/absolute/R/K65: posture-small-20261201-02 [computed_torque]
feasible-best/absolute/R/K65: posture-small-20261201-03 [pd_v2]
feasible-best/absolute/R/K65: posture-small-20261201-03 [computed_torque]
feasible-best/absolute/R/K65: posture-small-20261202-00 [pd_v2]
feasible-best/absolute/R/K65: posture-small-20261202-00 [computed_torque]
feasible-best/absolute/R/K65: posture-small-20261202-01 [pd_v2]
feasible-best/absolute/R/K65: posture-small-20261202-01 [computed_torque]
feasible-best/absolute/R/K65: posture-small-20261202-02 [pd_v2]
feasible-best/absolute/R/K65: posture-small-20261202-02 [computed_torque]
feasible-best/absolute/R/K65: posture-small-20261202-03 [pd_v2]
feasible-best/absolute/R/K65: posture-small-20261202-03 [computed_torque]
feasible-best/absolute/R/K65: posture-small-20261203-00 [pd_v2]
feasible-best/absolute/R/K65: posture-small-20261203-00 [computed_torque]
feasible-best/absolute/R/K65: posture-small-20261203-01 [pd_v2]
feasible-best/absolute/R/K65: posture-small-20261203-01 [computed_torque]
feasible-best/absolute/R/K65: posture-small-20261203-02 [pd_v2]
feasible-best/absolute/R/K65: posture-small-20261203-02 [computed_torque]
feasible-best/absolute/R/K65: posture-small-20261203-03 [pd_v2]
feasible-best/absolute/R/K65: posture-small-20261203-03 [computed_torque]
feasible-best/absolute/R/K65: posture-small-20261204-00 [pd_v2]
feasible-best/absolute/R/K65: posture-small-20261204-00 [computed_torque]
feasible-best/absolute/R/K65: posture-small-20261204-01 [pd_v2]
feasible-best/absolute/R/K65: posture-small-20261204-01 [computed_torque]
feasible-best/absolute/R/K65: posture-small-20261204-02 [pd_v2]
feasible-best/absolute/R/K65: posture-small-20261204-02 [computed_torque]
feasible-best/absolute/R/K65: posture-small-20261204-03 [pd_v2]
feasible-best/absolute/R/K65: posture-small-20261204-03 [computed_torque]
feasible-best/absolute/R/K65: posture-small-20261205-00 [pd_v2]
feasible-best/absolute/R/K65: posture-small-20261205-00 [computed_torque]
feasible-best/absolute/R/K65: posture-small-20261205-01 [pd_v2]
feasible-best/absolute/R/K65: posture-small-20261205-01 [computed_torque]
feasible-best/absolute/R/K65: posture-small-20261205-02 [pd_v2]
feasible-best/absolute/R/K65: posture-small-20261205-02 [computed_torque]
feasible-best/absolute/R/K65: posture-small-20261205-03 [pd_v2]
feasible-best/absolute/R/K65: posture-small-20261205-03 [computed_torque]
feasible-best/absolute/R/K65: posture-large-20261201-00 [pd_v2]
feasible-best/absolute/R/K65: posture-large-20261201-00 [computed_torque]
feasible-best/absolute/R/K65: posture-large-20261201-01 [pd_v2]
feasible-best/absolute/R/K65: posture-large-20261201-01 [computed_torque]
feasible-best/absolute/R/K65: posture-large-20261201-02 [pd_v2]
feasible-best/absolute/R/K65: posture-large-20261201-02 [computed_torque]
feasible-best/absolute/R/K65: posture-large-20261201-03 [pd_v2]
feasible-best/absolute/R/K65: posture-large-20261201-03 [computed_torque]
feasible-best/absolute/R/K65: posture-large-20261202-00 [pd_v2]
feasible-best/absolute/R/K65: posture-large-20261202-00 [computed_torque]
feasible-best/absolute/R/K65: posture-large-20261202-01 [pd_v2]
feasible-best/absolute/R/K65: posture-large-20261202-01 [computed_torque]
feasible-best/absolute/R/K65: posture-large-20261202-02 [pd_v2]
feasible-best/absolute/R/K65: posture-large-20261202-02 [computed_torque]
feasible-best/absolute/R/K65: posture-large-20261202-03 [pd_v2]
feasible-best/absolute/R/K65: posture-large-20261202-03 [computed_torque]
feasible-best/absolute/R/K65: posture-large-20261203-00 [pd_v2]
feasible-best/absolute/R/K65: posture-large-20261203-00 [computed_torque]
feasible-best/absolute/R/K65: posture-large-20261203-01 [pd_v2]
feasible-best/absolute/R/K65: posture-large-20261203-01 [computed_torque]
feasible-best/absolute/R/K65: posture-large-20261203-02 [pd_v2]
feasible-best/absolute/R/K65: posture-large-20261203-02 [computed_torque]
feasible-best/absolute/R/K65: posture-large-20261203-03 [pd_v2]
feasible-best/absolute/R/K65: posture-large-20261203-03 [computed_torque]
feasible-best/absolute/R/K65: posture-large-20261204-00 [pd_v2]
feasible-best/absolute/R/K65: posture-large-20261204-00 [computed_torque]
feasible-best/absolute/R/K65: posture-large-20261204-01 [pd_v2]
feasible-best/absolute/R/K65: posture-large-20261204-01 [computed_torque]
feasible-best/absolute/R/K65: posture-large-20261204-02 [pd_v2]
feasible-best/absolute/R/K65: posture-large-20261204-02 [computed_torque]
feasible-best/absolute/R/K65: posture-large-20261204-03 [pd_v2]
feasible-best/absolute/R/K65: posture-large-20261204-03 [computed_torque]
feasible-best/absolute/R/K65: posture-large-20261205-00 [pd_v2]
feasible-best/absolute/R/K65: posture-large-20261205-00 [computed_torque]
feasible-best/absolute/R/K65: posture-large-20261205-01 [pd_v2]
feasible-best/absolute/R/K65: posture-large-20261205-01 [computed_torque]
feasible-best/absolute/R/K65: posture-large-20261205-02 [pd_v2]
feasible-best/absolute/R/K65: posture-large-20261205-02 [computed_torque]
feasible-best/absolute/R/K65: posture-large-20261205-03 [pd_v2]
feasible-best/absolute/R/K65: posture-large-20261205-03 [computed_torque]
feasible-best/absolute/R/K65: force-12N-000deg [pd_v2]
feasible-best/absolute/R/K65: force-12N-000deg [computed_torque]
feasible-best/absolute/R/K65: force-12N-090deg [pd_v2]
feasible-best/absolute/R/K65: force-12N-090deg [computed_torque]
feasible-best/absolute/R/K65: force-12N-180deg [pd_v2]
feasible-best/absolute/R/K65: force-12N-180deg [computed_torque]
feasible-best/absolute/R/K65: force-12N-270deg [pd_v2]
feasible-best/absolute/R/K65: force-12N-270deg [computed_torque]
feasible-best/absolute/R/K65: combined-20261201-00-000deg [pd_v2]
feasible-best/absolute/R/K65: combined-20261201-00-000deg [computed_torque]
feasible-best/absolute/R/K65: combined-20261201-01-090deg [pd_v2]
feasible-best/absolute/R/K65: combined-20261201-01-090deg [computed_torque]
feasible-best/absolute/R/K65: combined-20261201-02-180deg [pd_v2]
feasible-best/absolute/R/K65: combined-20261201-02-180deg [computed_torque]
feasible-best/absolute/R/K65: combined-20261201-03-270deg [pd_v2]
feasible-best/absolute/R/K65: combined-20261201-03-270deg [computed_torque]
feasible-best/absolute/R/K65: combined-20261202-00-000deg [pd_v2]
feasible-best/absolute/R/K65: combined-20261202-00-000deg [computed_torque]
feasible-best/absolute/R/K65: combined-20261202-01-090deg [pd_v2]
feasible-best/absolute/R/K65: combined-20261202-01-090deg [computed_torque]
feasible-best/absolute/R/K65: combined-20261202-02-180deg [pd_v2]
feasible-best/absolute/R/K65: combined-20261202-02-180deg [computed_torque]
feasible-best/absolute/R/K65: combined-20261202-03-270deg [pd_v2]
feasible-best/absolute/R/K65: combined-20261202-03-270deg [computed_torque]
feasible-best/absolute/R/K65: combined-20261203-00-000deg [pd_v2]
feasible-best/absolute/R/K65: combined-20261203-00-000deg [computed_torque]
feasible-best/absolute/R/K65: combined-20261203-01-090deg [pd_v2]
feasible-best/absolute/R/K65: combined-20261203-01-090deg [computed_torque]
feasible-best/absolute/R/K65: combined-20261203-02-180deg [pd_v2]
feasible-best/absolute/R/K65: combined-20261203-02-180deg [computed_torque]
feasible-best/absolute/R/K65: combined-20261203-03-270deg [pd_v2]
feasible-best/absolute/R/K65: combined-20261203-03-270deg [computed_torque]
feasible-best/absolute/R/K65: combined-20261204-00-000deg [pd_v2]
feasible-best/absolute/R/K65: combined-20261204-00-000deg [computed_torque]
feasible-best/absolute/R/K65: combined-20261204-01-090deg [pd_v2]
feasible-best/absolute/R/K65: combined-20261204-01-090deg [computed_torque]
feasible-best/absolute/R/K65: combined-20261204-02-180deg [pd_v2]
feasible-best/absolute/R/K65: combined-20261204-02-180deg [computed_torque]
feasible-best/absolute/R/K65: combined-20261204-03-270deg [pd_v2]
feasible-best/absolute/R/K65: combined-20261204-03-270deg [computed_torque]
feasible-best/absolute/R/K65: combined-20261205-00-000deg [pd_v2]
feasible-best/absolute/R/K65: combined-20261205-00-000deg [computed_torque]
feasible-best/absolute/R/K65: combined-20261205-01-090deg [pd_v2]
feasible-best/absolute/R/K65: combined-20261205-01-090deg [computed_torque]
feasible-best/absolute/R/K65: combined-20261205-02-180deg [pd_v2]
feasible-best/absolute/R/K65: combined-20261205-02-180deg [computed_torque]
feasible-best/absolute/R/K65: combined-20261205-03-270deg [pd_v2]
feasible-best/absolute/R/K65: combined-20261205-03-270deg [computed_torque]
feasible-best/absolute/R-scaled/K65: nominal [pd_v2]
feasible-best/absolute/R-scaled/K65: nominal [computed_torque]
feasible-best/absolute/R-scaled/K65: posture-small-20261201-00 [pd_v2]
feasible-best/absolute/R-scaled/K65: posture-small-20261201-00 [computed_torque]
feasible-best/absolute/R-scaled/K65: posture-small-20261201-01 [pd_v2]
feasible-best/absolute/R-scaled/K65: posture-small-20261201-01 [computed_torque]
feasible-best/absolute/R-scaled/K65: posture-small-20261201-02 [pd_v2]
feasible-best/absolute/R-scaled/K65: posture-small-20261201-02 [computed_torque]
feasible-best/absolute/R-scaled/K65: posture-small-20261201-03 [pd_v2]
feasible-best/absolute/R-scaled/K65: posture-small-20261201-03 [computed_torque]
feasible-best/absolute/R-scaled/K65: posture-small-20261202-00 [pd_v2]
feasible-best/absolute/R-scaled/K65: posture-small-20261202-00 [computed_torque]
feasible-best/absolute/R-scaled/K65: posture-small-20261202-01 [pd_v2]
feasible-best/absolute/R-scaled/K65: posture-small-20261202-01 [computed_torque]
feasible-best/absolute/R-scaled/K65: posture-small-20261202-02 [pd_v2]
feasible-best/absolute/R-scaled/K65: posture-small-20261202-02 [computed_torque]
feasible-best/absolute/R-scaled/K65: posture-small-20261202-03 [pd_v2]
feasible-best/absolute/R-scaled/K65: posture-small-20261202-03 [computed_torque]
feasible-best/absolute/R-scaled/K65: posture-small-20261203-00 [pd_v2]
feasible-best/absolute/R-scaled/K65: posture-small-20261203-00 [computed_torque]
feasible-best/absolute/R-scaled/K65: posture-small-20261203-01 [pd_v2]
feasible-best/absolute/R-scaled/K65: posture-small-20261203-01 [computed_torque]
feasible-best/absolute/R-scaled/K65: posture-small-20261203-02 [pd_v2]
feasible-best/absolute/R-scaled/K65: posture-small-20261203-02 [computed_torque]
feasible-best/absolute/R-scaled/K65: posture-small-20261203-03 [pd_v2]
feasible-best/absolute/R-scaled/K65: posture-small-20261203-03 [computed_torque]
feasible-best/absolute/R-scaled/K65: posture-small-20261204-00 [pd_v2]
feasible-best/absolute/R-scaled/K65: posture-small-20261204-00 [computed_torque]
feasible-best/absolute/R-scaled/K65: posture-small-20261204-01 [pd_v2]
feasible-best/absolute/R-scaled/K65: posture-small-20261204-01 [computed_torque]
feasible-best/absolute/R-scaled/K65: posture-small-20261204-02 [pd_v2]
feasible-best/absolute/R-scaled/K65: posture-small-20261204-02 [computed_torque]
feasible-best/absolute/R-scaled/K65: posture-small-20261204-03 [pd_v2]
feasible-best/absolute/R-scaled/K65: posture-small-20261204-03 [computed_torque]
feasible-best/absolute/R-scaled/K65: posture-small-20261205-00 [pd_v2]
feasible-best/absolute/R-scaled/K65: posture-small-20261205-00 [computed_torque]
feasible-best/absolute/R-scaled/K65: posture-small-20261205-01 [pd_v2]
feasible-best/absolute/R-scaled/K65: posture-small-20261205-01 [computed_torque]
feasible-best/absolute/R-scaled/K65: posture-small-20261205-02 [pd_v2]Traceback (most recent call last):
  File "<frozen runpy>", line 198, in _run_module_as_main
  File "<frozen runpy>", line 88, in _run_code
  File "<repo>/src/arm_rc_ctrl/experiments/repetition_timing.py", line 470, in <module>
    sys.exit(main())
             ^^^^^^
  File "<repo>/src/arm_rc_ctrl/experiments/repetition_timing.py", line 466, in main
    return _smoke(args)
           ^^^^^^^^^^^^
  File "<repo>/src/arm_rc_ctrl/experiments/repetition_timing.py", line 387, in _smoke
    evidences = runner.run([entry], arms)
                ^^^^^^^^^^^^^^^^^^^^^^^^^
  File "<repo>/src/arm_rc_ctrl/experiments/repetition_evaluation.py", line 1469, in run
    return [self.evaluate(entry, arm) for entry in entries for arm in arms if arm.behavioral]
            ^^^^^^^^^^^^^^^^^^^^^^^^^
  File "<repo>/src/arm_rc_ctrl/experiments/repetition_evaluation.py", line 1330, in evaluate
    pair = self._rc_pair(prepared, cached, controllers[tracker], index, case, tracker, replay)
           ^^^^^^^^^^^^^^^^^^^^^^^^^^^^^^^^^^^^^^^^^^^^^^^^^^^^^^^^^^^^^^^^^^^^^^^^^^^^^^^^^^^
  File "<repo>/src/arm_rc_ctrl/experiments/repetition_evaluation.py", line 1244, in _rc_pair
    diagnostics = self._diagnostics(states, termination, prepared)
                  ^^^^^^^^^^^^^^^^^^^^^^^^^^^^^^^^^^^^^^^^^^^^^^^^
  File "<repo>/src/arm_rc_ctrl/experiments/repetition_evaluation.py", line 1002, in _diagnostics
    return velocity_diagnostics(
           ^^^^^^^^^^^^^^^^^^^^^
  File "<repo>/src/arm_rc_ctrl/experiments/velocity_diagnostics.py", line 236, in velocity_diagnostics
    return VelocityDiagnostics(
           ^^^^^^^^^^^^^^^^^^^^
  File "<string>", line 13, in __init__
  File "<repo>/src/arm_rc_ctrl/experiments/velocity_diagnostics.py", line 138, in __post_init__
    raise ValueError(msg)
ValueError: an abort and its terminal checked state are recorded together

feasible-best/absolute/R-scaled/K65: posture-small-20261205-02 [computed_torque]
feasible-best/absolute/R-scaled/K65: posture-small-20261205-03 [pd_v2]
feasible-best/absolute/R-scaled/K65: posture-small-20261205-03 [computed_torque]
feasible-best/absolute/R-scaled/K65: posture-large-20261201-00 [pd_v2]
feasible-best/absolute/R-scaled/K65: posture-large-20261201-00 [computed_torque]
feasible-best/absolute/R-scaled/K65: posture-large-20261201-01 [pd_v2]
feasible-best/absolute/R-scaled/K65: posture-large-20261201-01 [computed_torque]
feasible-best/absolute/R-scaled/K65: posture-large-20261201-02 [pd_v2]
feasible-best/absolute/R-scaled/K65: posture-large-20261201-02 [computed_torque]
feasible-best/absolute/R-scaled/K65: posture-large-20261201-03 [pd_v2]
feasible-best/absolute/R-scaled/K65: posture-large-20261201-03 [computed_torque]
feasible-best/absolute/R-scaled/K65: posture-large-20261202-00 [pd_v2]
feasible-best/absolute/R-scaled/K65: posture-large-20261202-00 [computed_torque]
feasible-best/absolute/R-scaled/K65: posture-large-20261202-01 [pd_v2]
feasible-best/absolute/R-scaled/K65: posture-large-20261202-01 [computed_torque]
feasible-best/absolute/R-scaled/K65: posture-large-20261202-02 [pd_v2]
feasible-best/absolute/R-scaled/K65: posture-large-20261202-02 [computed_torque]
feasible-best/absolute/R-scaled/K65: posture-large-20261202-03 [pd_v2]
feasible-best/absolute/R-scaled/K65: posture-large-20261202-03 [computed_torque]
feasible-best/absolute/R-scaled/K65: posture-large-20261203-00 [pd_v2]
feasible-best/absolute/R-scaled/K65: posture-large-20261203-00 [computed_torque]
feasible-best/absolute/R-scaled/K65: posture-large-20261203-01 [pd_v2]
feasible-best/absolute/R-scaled/K65: posture-large-20261203-01 [computed_torque]
feasible-best/absolute/R-scaled/K65: posture-large-20261203-02 [pd_v2]
feasible-best/absolute/R-scaled/K65: posture-large-20261203-02 [computed_torque]
feasible-best/absolute/R-scaled/K65: posture-large-20261203-03 [pd_v2]
feasible-best/absolute/R-scaled/K65: posture-large-20261203-03 [computed_torque]
feasible-best/absolute/R-scaled/K65: posture-large-20261204-00 [pd_v2]
feasible-best/absolute/R-scaled/K65: posture-large-20261204-00 [computed_torque]
feasible-best/absolute/R-scaled/K65: posture-large-20261204-01 [pd_v2]
feasible-best/absolute/R-scaled/K65: posture-large-20261204-01 [computed_torque]
feasible-best/absolute/R-scaled/K65: posture-large-20261204-02 [pd_v2]
feasible-best/absolute/R-scaled/K65: posture-large-20261204-02 [computed_torque]
feasible-best/absolute/R-scaled/K65: posture-large-20261204-03 [pd_v2]
feasible-best/absolute/R-scaled/K65: posture-large-20261204-03 [computed_torque]
feasible-best/absolute/R-scaled/K65: posture-large-20261205-00 [pd_v2]
feasible-best/absolute/R-scaled/K65: posture-large-20261205-00 [computed_torque]
feasible-best/absolute/R-scaled/K65: posture-large-20261205-01 [pd_v2]
feasible-best/absolute/R-scaled/K65: posture-large-20261205-01 [computed_torque]
feasible-best/absolute/R-scaled/K65: posture-large-20261205-02 [pd_v2]
feasible-best/absolute/R-scaled/K65: posture-large-20261205-02 [computed_torque]
feasible-best/absolute/R-scaled/K65: posture-large-20261205-03 [pd_v2]
feasible-best/absolute/R-scaled/K65: posture-large-20261205-03 [computed_torque]
feasible-best/absolute/R-scaled/K65: force-12N-000deg [pd_v2]
feasible-best/absolute/R-scaled/K65: force-12N-000deg [computed_torque]
feasible-best/absolute/R-scaled/K65: force-12N-090deg [pd_v2]
feasible-best/absolute/R-scaled/K65: force-12N-090deg [computed_torque]
feasible-best/absolute/R-scaled/K65: force-12N-180deg [pd_v2]
feasible-best/absolute/R-scaled/K65: force-12N-180deg [computed_torque]
feasible-best/absolute/R-scaled/K65: force-12N-270deg [pd_v2]
feasible-best/absolute/R-scaled/K65: force-12N-270deg [computed_torque]
feasible-best/absolute/R-scaled/K65: combined-20261201-00-000deg [pd_v2]
feasible-best/absolute/R-scaled/K65: combined-20261201-00-000deg [computed_torque]
feasible-best/absolute/R-scaled/K65: combined-20261201-01-090deg [pd_v2]
feasible-best/absolute/R-scaled/K65: combined-20261201-01-090deg [computed_torque]
feasible-best/absolute/R-scaled/K65: combined-20261201-02-180deg [pd_v2]
feasible-best/absolute/R-scaled/K65: combined-20261201-02-180deg [computed_torque]
feasible-best/absolute/R-scaled/K65: combined-20261201-03-270deg [pd_v2]
feasible-best/absolute/R-scaled/K65: combined-20261201-03-270deg [computed_torque]
feasible-best/absolute/R-scaled/K65: combined-20261202-00-000deg [pd_v2]
feasible-best/absolute/R-scaled/K65: combined-20261202-00-000deg [computed_torque]
feasible-best/absolute/R-scaled/K65: combined-20261202-01-090deg [pd_v2]
feasible-best/absolute/R-scaled/K65: combined-20261202-01-090deg [computed_torque]
feasible-best/absolute/R-scaled/K65: combined-20261202-02-180deg [pd_v2]
feasible-best/absolute/R-scaled/K65: combined-20261202-02-180deg [computed_torque]
feasible-best/absolute/R-scaled/K65: combined-20261202-03-270deg [pd_v2]
feasible-best/absolute/R-scaled/K65: combined-20261202-03-270deg [computed_torque]
feasible-best/absolute/R-scaled/K65: combined-20261203-00-000deg [pd_v2]
feasible-best/absolute/R-scaled/K65: combined-20261203-00-000deg [computed_torque]
feasible-best/absolute/R-scaled/K65: combined-20261203-01-090deg [pd_v2]
feasible-best/absolute/R-scaled/K65: combined-20261203-01-090deg [computed_torque]
feasible-best/absolute/R-scaled/K65: combined-20261203-02-180deg [pd_v2]
feasible-best/absolute/R-scaled/K65: combined-20261203-02-180deg [computed_torque]
feasible-best/absolute/R-scaled/K65: combined-20261203-03-270deg [pd_v2]
feasible-best/absolute/R-scaled/K65: combined-20261203-03-270deg [computed_torque]
feasible-best/absolute/R-scaled/K65: combined-20261204-00-000deg [pd_v2]
feasible-best/absolute/R-scaled/K65: combined-20261204-00-000deg [computed_torque]
feasible-best/absolute/R-scaled/K65: combined-20261204-01-090deg [pd_v2]
feasible-best/absolute/R-scaled/K65: combined-20261204-01-090deg [computed_torque]
feasible-best/absolute/R-scaled/K65: combined-20261204-02-180deg [pd_v2]
feasible-best/absolute/R-scaled/K65: combined-20261204-02-180deg [computed_torque]
feasible-best/absolute/R-scaled/K65: combined-20261204-03-270deg [pd_v2]
feasible-best/absolute/R-scaled/K65: combined-20261204-03-270deg [computed_torque]
feasible-best/absolute/R-scaled/K65: combined-20261205-00-000deg [pd_v2]
feasible-best/absolute/R-scaled/K65: combined-20261205-00-000deg [computed_torque]
feasible-best/absolute/R-scaled/K65: combined-20261205-01-090deg [pd_v2]
feasible-best/absolute/R-scaled/K65: combined-20261205-01-090deg [computed_torque]
feasible-best/absolute/R-scaled/K65: combined-20261205-02-180deg [pd_v2]
feasible-best/absolute/R-scaled/K65: combined-20261205-02-180deg [computed_torque]
feasible-best/absolute/R-scaled/K65: combined-20261205-03-270deg [pd_v2]
feasible-best/absolute/R-scaled/K65: combined-20261205-03-270deg [computed_torque]
feasible-best/absolute/A-non-decaying/K65: nominal [pd_v2]
feasible-best/absolute/A-contractive/K65: nominal [pd_v2]
feasible-best/residual/S: nominal [pd_v2]
exit=1
